RAM Allocation
Variable                                                          Address   Size
--------------------------------------------------------------------------------
inc                                                               0171h        2

EEPROM Allocation
Variable                                                          Address   Size
--------------------------------------------------------------------------------

Register Allocation
Variable                                                          Register  Size
--------------------------------------------------------------------------------
i                                                                 R4,R5        2
dec                                                               R6,R7        2
chng                                                              R8,R9        2
x                                                                 R10,R11      2
y                                                                 R12,R13      2
